MPLINK 5.08, LINKER
Linker Map File - Created Tue Oct 10 11:06:59 2023

                                 Section Info
                  Section       Type    Address   Location Size(Bytes)
                ---------  ---------  ---------  ---------  ---------
                   .org_0       code   0x000000    program   0x000036
                   .cinit    romdata   0x00001b    program   0x000004
.config_2007_BUILD/DEFAULT/PRODUCTION/PRACTIC       code   0x002007    program   0x000002



                              Program Memory Usage 
                               Start         End      
                           ---------   ---------      
                            0x000000    0x00001c      
                            0x002007    0x002007      
            30 out of 8454 program addresses used, program memory utilization is 0%



                              Symbols - Sorted by Name
                     Name    Address   Location    Storage File                     
                ---------  ---------  ---------  --------- ---------                
                    Delay   0x000008    program     static D:\Documentos\Ito\micros\Laboratorios\lab1.X\practica3.asm
                     Main   0x000003    program     static D:\Documentos\Ito\micros\Laboratorios\lab1.X\practica3.asm
                    Start   0x000000    program     static D:\Documentos\Ito\micros\Laboratorios\lab1.X\practica3.asm
                     loop   0x00000a    program     static D:\Documentos\Ito\micros\Laboratorios\lab1.X\practica3.asm



                              Symbols - Sorted by Address
                     Name    Address   Location    Storage File                     
                ---------  ---------  ---------  --------- ---------                
                    Start   0x000000    program     static D:\Documentos\Ito\micros\Laboratorios\lab1.X\practica3.asm
                     Main   0x000003    program     static D:\Documentos\Ito\micros\Laboratorios\lab1.X\practica3.asm
                    Delay   0x000008    program     static D:\Documentos\Ito\micros\Laboratorios\lab1.X\practica3.asm
                     loop   0x00000a    program     static D:\Documentos\Ito\micros\Laboratorios\lab1.X\practica3.asm


