MPLINK 5.08, LINKER
Linker Map File - Created Mon Oct 09 19:04:13 2023

                                 Section Info
                  Section       Type    Address   Location Size(Bytes)
                ---------  ---------  ---------  ---------  ---------
                   .org_0       code   0x000000    program   0x000094
                   .cinit    romdata   0x00004a    program   0x000004
.config_2007_BUILD/DEFAULT/PRODUCTION/ENTRADA       code   0x002007    program   0x000002



                              Program Memory Usage 
                               Start         End      
                           ---------   ---------      
                            0x000000    0x00004b      
                            0x002007    0x002007      
            77 out of 8454 program addresses used, program memory utilization is 0%



                              Symbols - Sorted by Name
                     Name    Address   Location    Storage File                     
                ---------  ---------  ---------  --------- ---------                
                   delay1   0x000017    program     static D:\Documentos\Ito\micros\Laboratorios\pruebaq.X\entrada.asm
                   delay2   0x00001c    program     static D:\Documentos\Ito\micros\Laboratorios\pruebaq.X\entrada.asm
                     loop   0x000022    program     static D:\Documentos\Ito\micros\Laboratorios\pruebaq.X\entrada.asm
                     main   0x000004    program     static D:\Documentos\Ito\micros\Laboratorios\pruebaq.X\entrada.asm
                     sub1   0x000009    program     static D:\Documentos\Ito\micros\Laboratorios\pruebaq.X\entrada.asm
                     sub2   0x000010    program     static D:\Documentos\Ito\micros\Laboratorios\pruebaq.X\entrada.asm



                              Symbols - Sorted by Address
                     Name    Address   Location    Storage File                     
                ---------  ---------  ---------  --------- ---------                
                     main   0x000004    program     static D:\Documentos\Ito\micros\Laboratorios\pruebaq.X\entrada.asm
                     sub1   0x000009    program     static D:\Documentos\Ito\micros\Laboratorios\pruebaq.X\entrada.asm
                     sub2   0x000010    program     static D:\Documentos\Ito\micros\Laboratorios\pruebaq.X\entrada.asm
                   delay1   0x000017    program     static D:\Documentos\Ito\micros\Laboratorios\pruebaq.X\entrada.asm
                   delay2   0x00001c    program     static D:\Documentos\Ito\micros\Laboratorios\pruebaq.X\entrada.asm
                     loop   0x000022    program     static D:\Documentos\Ito\micros\Laboratorios\pruebaq.X\entrada.asm


